
[1m[46m RUN [49m[22m [36mv4.1.2 [39m[90m/home/runner/work/bbmobilenew/bbmobilenew[39m

[90mstdout[2m | src/components/AudienceVerdictReveal/__tests__/AudienceVerdictReveal.test.tsx
[22m[39m[SoundManager] debug helpers on window.__audioDebug (alias: __bbAudio)
  __audioDebug.listKeys()     — list all registered sound keys
  __audioDebug.play(key)      — manually play a sound
  __audioDebug.playMusic(key) — start music
  __audioDebug.unlockFromGesture() — unlock audio now
  __audioDebug.enableAll()    — enable all categories
  __audioDebug.dump()         — print engine state

 [32m✓[39m src/components/AudienceVerdictReveal/__tests__/AudienceVerdictReveal.test.tsx [2m([22m[2m3 tests[22m[2m)[22m[33m 302[2mms[22m[39m
[90mstdout[2m | src/components/PublicSaveReveal/__tests__/PublicSaveReveal.test.tsx
[22m[39m[SoundManager] debug helpers on window.__audioDebug (alias: __bbAudio)
  __audioDebug.listKeys()     — list all registered sound keys
  __audioDebug.play(key)      — manually play a sound
  __audioDebug.playMusic(key) — start music
  __audioDebug.unlockFromGesture() — unlock audio now
  __audioDebug.enableAll()    — enable all categories
  __audioDebug.dump()         — print engine state

[90mstdout[2m | tests/unit/publicOpinion/publicSaveVoteShares.test.ts
[22m[39m[SoundManager] debug helpers on window.__audioDebug (alias: __bbAudio)
  __audioDebug.listKeys()     — list all registered sound keys
  __audioDebug.play(key)      — manually play a sound
  __audioDebug.playMusic(key) — start music
  __audioDebug.unlockFromGesture() — unlock audio now
  __audioDebug.enableAll()    — enable all categories
  __audioDebug.dump()         — print engine state

 [32m✓[39m tests/unit/publicOpinion/publicSaveVoteShares.test.ts [2m([22m[2m7 tests[22m[2m)[22m[32m 9[2mms[22m[39m
 [32m✓[39m src/components/PublicSaveReveal/__tests__/PublicSaveReveal.test.tsx [2m([22m[2m4 tests[22m[2m)[22m[32m 115[2mms[22m[39m

[2m Test Files [22m [1m[32m3 passed[39m[22m[90m (3)[39m
[2m      Tests [22m [1m[32m14 passed[39m[22m[90m (14)[39m
[2m   Start at [22m 10:27:35
[2m   Duration [22m 3.01s[2m (transform 3.16s, setup 332ms, import 4.39s, tests 426ms, environment 2.31s)[22m

